[05:00:11 INFO] ============================================================
[05:00:11 INFO] AccountAwareAllocator — daily plan 2026-08-28
[05:00:11 INFO] ============================================================
[05:00:11 INFO] ── Step 1: fetching account state ──
[05:00:11 INFO]   equity=$  90504.88  cash=$ 316767.08  buying_power=$ 362019.52
[05:00:11 INFO] ── Step 2: fetching open positions ──
[05:00:12 INFO]   0 positions, invested_ratio=0.0000 (target=1.00, min=0.98)
[05:00:12 INFO]   PDT mode=OK  dt_remaining=3
[05:00:12 INFO] ── Step 3: defensive mode check ──
[05:00:12 INFO]   defensive_mode OFF → proceed with deployment
[05:00:12 INFO] ── Step 4: regime detection ──
[05:00:12 INFO]   regime=NEUTRAL  source=auto  size_mult=0.70
[05:00:12 INFO]     allowed_buckets=['ai_nasdaq_semis', 'software_quality', 'inflation_energy', 'crypto']
[05:00:12 INFO] ── Step 5: scoring allowed universe ──
[05:00:17 DBG ]     CRM      score=+0.920  bucket=software_quality
[05:00:17 DBG ]     CRWD     score=+0.705  bucket=software_quality
[05:00:17 DBG ]     NOW      score=+0.571  bucket=software_quality
[05:00:17 DBG ]     ADBE     score=+0.445  bucket=software_quality
[05:00:17 DBG ]     NVDA     score=+0.439  bucket=ai_nasdaq_semis
[05:00:17 INFO] ── Step 6: target weight construction ──
[05:00:17 INFO]   reason: regime=NEUTRAL | primary_picks=5(73%) | fallback=['SPY', 'QQQ', 'GLD']
[05:00:17 INFO]   target_invested_ratio_after_plan = 1.0000
[05:00:17 DBG ]     CRM        target_weight=0.1375 ($12444.42)
[05:00:17 DBG ]     CRWD       target_weight=0.1375 ($12444.42)
[05:00:17 DBG ]     NOW        target_weight=0.1375 ($12444.42)
[05:00:17 DBG ]     ADBE       target_weight=0.1375 ($12444.42)
[05:00:17 DBG ]     NVDA       target_weight=0.1800 ($16290.88)
[05:00:17 DBG ]     SPY        target_weight=0.1000 ($9050.49)
[05:00:17 DBG ]     QQQ        target_weight=0.1000 ($9050.49)
[05:00:17 DBG ]     GLD        target_weight=0.0700 ($6335.34)
[05:00:17 INFO] ── Step 7: rebalance order generation ──
[05:00:17 INFO]     NVDA     BUY     current=$     0.00 target=$ 16290.88 delta=$+16290.88  -- new position at target 18.0%
[05:00:17 INFO]     CRM      BUY     current=$     0.00 target=$ 12444.42 delta=$+12444.42  -- new position at target 13.8%
[05:00:17 INFO]     CRWD     BUY     current=$     0.00 target=$ 12444.42 delta=$+12444.42  -- new position at target 13.8%
[05:00:17 INFO]     NOW      BUY     current=$     0.00 target=$ 12444.42 delta=$+12444.42  -- new position at target 13.8%
[05:00:17 INFO]     ADBE     BUY     current=$     0.00 target=$ 12444.42 delta=$+12444.42  -- new position at target 13.8%
[05:00:17 INFO]     SPY      BUY     current=$     0.00 target=$  9050.49 delta=$ +9050.49  -- new position at target 10.0%
[05:00:17 INFO]     QQQ      BUY     current=$     0.00 target=$  9050.49 delta=$ +9050.49  -- new position at target 10.0%
[05:00:17 INFO]     GLD      BUY     current=$     0.00 target=$  6335.34 delta=$ +6335.34  -- new position at target 7.0%
[05:00:17 INFO]   summary: 8 actionable + 0 hold; passed=8  failed=0
[05:00:17 INFO] ── Step 8: plan complete ──
[05:00:17 INFO]   auto_execute=True  (flip config/capital_deployment.json::capital_deployment.auto_execute_rebalance to enable)
