[01:02:29 INFO] ============================================================
[01:02:29 INFO] AccountAwareAllocator — daily plan 2026-07-25
[01:02:29 INFO] ============================================================
[01:02:29 INFO] ── Step 1: fetching account state ──
[01:02:29 INFO]   equity=$  90504.88  cash=$ 316767.08  buying_power=$ 362019.52
[01:02:29 INFO] ── Step 2: fetching open positions ──
[01:02:29 INFO]   0 positions, invested_ratio=0.0000 (target=1.00, min=0.98)
[01:02:29 INFO]   PDT mode=OK  dt_remaining=3
[01:02:29 INFO] ── Step 3: defensive mode check ──
[01:02:29 INFO]   defensive_mode OFF → proceed with deployment
[01:02:29 INFO] ── Step 4: regime detection ──
[01:02:29 INFO]   regime=NEUTRAL  source=auto  size_mult=0.70
[01:02:29 INFO]     allowed_buckets=['ai_nasdaq_semis', 'software_quality', 'inflation_energy', 'crypto']
[01:02:29 INFO] ── Step 5: scoring allowed universe ──
[01:02:35 DBG ]     USO      score=+0.602  bucket=inflation_energy
[01:02:35 DBG ]     INTU     score=+0.454  bucket=software_quality
[01:02:35 DBG ]     AAPL     score=+0.435  bucket=ai_nasdaq_semis
[01:02:35 DBG ]     XOM      score=+0.367  bucket=inflation_energy
[01:02:35 DBG ]     ADBE     score=+0.335  bucket=software_quality
[01:02:35 INFO] ── Step 6: target weight construction ──
[01:02:35 INFO]   reason: regime=NEUTRAL | primary_picks=4(72%) | fallback=['SPY', 'QQQ', 'GLD']
[01:02:35 INFO]   target_invested_ratio_after_plan = 1.0000
[01:02:35 DBG ]     USO        target_weight=0.1800 ($16290.88)
[01:02:35 DBG ]     INTU       target_weight=0.1800 ($16290.88)
[01:02:35 DBG ]     AAPL       target_weight=0.1800 ($16290.88)
[01:02:35 DBG ]     XOM        target_weight=0.1800 ($16290.88)
[01:02:35 DBG ]     SPY        target_weight=0.1000 ($9050.49)
[01:02:35 DBG ]     QQQ        target_weight=0.1000 ($9050.49)
[01:02:35 DBG ]     GLD        target_weight=0.0800 ($7240.39)
[01:02:35 INFO] ── Step 7: rebalance order generation ──
[01:02:35 INFO]     USO      BUY     current=$     0.00 target=$ 16290.88 delta=$+16290.88  -- new position at target 18.0%
[01:02:35 INFO]     INTU     BUY     current=$     0.00 target=$ 16290.88 delta=$+16290.88  -- new position at target 18.0%
[01:02:35 INFO]     AAPL     BUY     current=$     0.00 target=$ 16290.88 delta=$+16290.88  -- new position at target 18.0%
[01:02:35 INFO]     XOM      BUY     current=$     0.00 target=$ 16290.88 delta=$+16290.88  -- new position at target 18.0%
[01:02:35 INFO]     SPY      BUY     current=$     0.00 target=$  9050.49 delta=$ +9050.49  -- new position at target 10.0%
[01:02:35 INFO]     QQQ      BUY     current=$     0.00 target=$  9050.49 delta=$ +9050.49  -- new position at target 10.0%
[01:02:35 INFO]     GLD      BUY     current=$     0.00 target=$  7240.39 delta=$ +7240.39  -- new position at target 8.0%
[01:02:35 INFO]   summary: 7 actionable + 0 hold; passed=7  failed=0
[01:02:35 INFO] ── Step 8: plan complete ──
[01:02:35 INFO]   auto_execute=True  (flip config/capital_deployment.json::capital_deployment.auto_execute_rebalance to enable)
