[21:32:20 INFO] ============================================================
[21:32:20 INFO] AccountAwareAllocator — daily plan 2026-08-12
[21:32:20 INFO] ============================================================
[21:32:20 INFO] ── Step 1: fetching account state ──
[21:32:20 INFO]   equity=$  90504.88  cash=$ 316767.08  buying_power=$ 362019.52
[21:32:20 INFO] ── Step 2: fetching open positions ──
[21:32:20 INFO]   0 positions, invested_ratio=0.0000 (target=1.00, min=0.98)
[21:32:20 INFO]   PDT mode=OK  dt_remaining=3
[21:32:20 INFO] ── Step 3: defensive mode check ──
[21:32:20 INFO]   defensive_mode OFF → proceed with deployment
[21:32:20 INFO] ── Step 4: regime detection ──
[21:32:20 INFO]   regime=NEUTRAL  source=auto  size_mult=0.70
[21:32:20 INFO]     allowed_buckets=['ai_nasdaq_semis', 'software_quality', 'inflation_energy', 'crypto']
[21:32:20 INFO] ── Step 5: scoring allowed universe ──
[21:32:22 DBG ]     ORCL     score=+0.609  bucket=software_quality
[21:32:22 DBG ]     MSFT     score=+0.467  bucket=ai_nasdaq_semis
[21:32:22 DBG ]     PANW     score=+0.463  bucket=software_quality
[21:32:22 DBG ]     NOW      score=+0.372  bucket=software_quality
[21:32:22 DBG ]     WDAY     score=+0.348  bucket=software_quality
[21:32:22 INFO] ── Step 6: target weight construction ──
[21:32:22 INFO]   reason: regime=NEUTRAL | primary_picks=4(72%) | fallback=['SPY', 'QQQ', 'GLD']
[21:32:22 INFO]   target_invested_ratio_after_plan = 1.0000
[21:32:22 DBG ]     ORCL       target_weight=0.1800 ($16290.88)
[21:32:22 DBG ]     MSFT       target_weight=0.1800 ($16290.88)
[21:32:22 DBG ]     PANW       target_weight=0.1800 ($16290.88)
[21:32:22 DBG ]     NOW        target_weight=0.1800 ($16290.88)
[21:32:22 DBG ]     SPY        target_weight=0.1000 ($9050.49)
[21:32:22 DBG ]     QQQ        target_weight=0.1000 ($9050.49)
[21:32:22 DBG ]     GLD        target_weight=0.0800 ($7240.39)
[21:32:22 INFO] ── Step 7: rebalance order generation ──
[21:32:22 INFO]     ORCL     BUY     current=$     0.00 target=$ 16290.88 delta=$+16290.88  -- new position at target 18.0%
[21:32:22 INFO]     MSFT     BUY     current=$     0.00 target=$ 16290.88 delta=$+16290.88  -- new position at target 18.0%
[21:32:22 INFO]     PANW     BUY     current=$     0.00 target=$ 16290.88 delta=$+16290.88  -- new position at target 18.0%
[21:32:22 INFO]     NOW      BUY     current=$     0.00 target=$ 16290.88 delta=$+16290.88  -- new position at target 18.0%
[21:32:22 INFO]     SPY      BUY     current=$     0.00 target=$  9050.49 delta=$ +9050.49  -- new position at target 10.0%
[21:32:22 INFO]     QQQ      BUY     current=$     0.00 target=$  9050.49 delta=$ +9050.49  -- new position at target 10.0%
[21:32:22 INFO]     GLD      BUY     current=$     0.00 target=$  7240.39 delta=$ +7240.39  -- new position at target 8.0%
[21:32:22 INFO]   summary: 7 actionable + 0 hold; passed=7  failed=0
[21:32:22 INFO] ── Step 8: plan complete ──
[21:32:22 INFO]   auto_execute=True  (flip config/capital_deployment.json::capital_deployment.auto_execute_rebalance to enable)
