[22:25:23 INFO] ============================================================
[22:25:23 INFO] AccountAwareAllocator — daily plan 2026-09-05
[22:25:23 INFO] ============================================================
[22:25:23 INFO] ── Step 1: fetching account state ──
[22:25:23 INFO]   equity=$  90504.88  cash=$ 316767.08  buying_power=$ 362019.52
[22:25:23 INFO] ── Step 2: fetching open positions ──
[22:25:23 INFO]   0 positions, invested_ratio=0.0000 (target=1.00, min=0.98)
[22:25:23 INFO]   PDT mode=OK  dt_remaining=3
[22:25:23 INFO] ── Step 3: defensive mode check ──
[22:25:23 INFO]   defensive_mode OFF → proceed with deployment
[22:25:23 INFO] ── Step 4: regime detection ──
[22:25:23 INFO]   regime=NEUTRAL  source=auto  size_mult=0.70
[22:25:23 INFO]     allowed_buckets=['ai_nasdaq_semis', 'software_quality', 'inflation_energy', 'crypto']
[22:25:23 INFO] ── Step 5: scoring allowed universe ──
[22:25:25 DBG ]     CRM      score=+0.501  bucket=software_quality
[22:25:25 DBG ]     USO      score=+0.434  bucket=inflation_energy
[22:25:25 DBG ]     ORCL     score=+0.386  bucket=software_quality
[22:25:25 DBG ]     NOW      score=+0.245  bucket=software_quality
[22:25:25 DBG ]     XLE      score=+0.241  bucket=inflation_energy
[22:25:25 INFO] ── Step 6: target weight construction ──
[22:25:25 INFO]   reason: regime=NEUTRAL | primary_picks=3(54%) | fallback=['SPY', 'QQQ', 'GLD'] | unfilled=16.00%
[22:25:25 INFO]   target_invested_ratio_after_plan = 0.8400
[22:25:25 DBG ]     CRM        target_weight=0.1800 ($16290.88)
[22:25:25 DBG ]     USO        target_weight=0.1800 ($16290.88)
[22:25:25 DBG ]     ORCL       target_weight=0.1800 ($16290.88)
[22:25:25 DBG ]     SPY        target_weight=0.1000 ($9050.49)
[22:25:25 DBG ]     QQQ        target_weight=0.1000 ($9050.49)
[22:25:25 DBG ]     GLD        target_weight=0.1000 ($9050.49)
[22:25:25 INFO] ── Step 7: rebalance order generation ──
[22:25:25 INFO]     CRM      BUY     current=$     0.00 target=$ 16290.88 delta=$+16290.88  -- new position at target 18.0%
[22:25:25 INFO]     USO      BUY     current=$     0.00 target=$ 16290.88 delta=$+16290.88  -- new position at target 18.0%
[22:25:25 INFO]     ORCL     BUY     current=$     0.00 target=$ 16290.88 delta=$+16290.88  -- new position at target 18.0%
[22:25:25 INFO]     SPY      BUY     current=$     0.00 target=$  9050.49 delta=$ +9050.49  -- new position at target 10.0%
[22:25:25 INFO]     QQQ      BUY     current=$     0.00 target=$  9050.49 delta=$ +9050.49  -- new position at target 10.0%
[22:25:25 INFO]     GLD      BUY     current=$     0.00 target=$  9050.49 delta=$ +9050.49  -- new position at target 10.0%
[22:25:25 INFO]   summary: 6 actionable + 0 hold; passed=6  failed=0
[22:25:25 INFO] ── Step 8: plan complete ──
[22:25:25 INFO]   auto_execute=True  (flip config/capital_deployment.json::capital_deployment.auto_execute_rebalance to enable)
