[00:46:03 INFO] ============================================================
[00:46:03 INFO] AccountAwareAllocator — daily plan 2026-08-31
[00:46:03 INFO] ============================================================
[00:46:03 INFO] ── Step 1: fetching account state ──
[00:46:03 INFO]   equity=$  90504.88  cash=$ 316767.08  buying_power=$ 362019.52
[00:46:03 INFO] ── Step 2: fetching open positions ──
[00:46:03 INFO]   0 positions, invested_ratio=0.0000 (target=1.00, min=0.98)
[00:46:03 INFO]   PDT mode=OK  dt_remaining=3
[00:46:03 INFO] ── Step 3: defensive mode check ──
[00:46:03 INFO]   defensive_mode OFF → proceed with deployment
[00:46:03 INFO] ── Step 4: regime detection ──
[00:46:03 INFO]   regime=NEUTRAL  source=auto  size_mult=0.70
[00:46:03 INFO]     allowed_buckets=['ai_nasdaq_semis', 'software_quality', 'inflation_energy', 'crypto']
[00:46:03 INFO] ── Step 5: scoring allowed universe ──
[00:46:05 DBG ]     CRM      score=+0.950  bucket=software_quality
[00:46:05 DBG ]     NOW      score=+0.698  bucket=software_quality
[00:46:05 DBG ]     WDAY     score=+0.519  bucket=software_quality
[00:46:05 DBG ]     ADBE     score=+0.445  bucket=software_quality
[00:46:05 DBG ]     CRWD     score=+0.380  bucket=software_quality
[00:46:05 INFO] ── Step 6: target weight construction ──
[00:46:05 INFO]   reason: regime=NEUTRAL | primary_picks=5(55%) | fallback=['SPY', 'QQQ', 'GLD'] | unfilled=15.00%
[00:46:05 INFO]   target_invested_ratio_after_plan = 0.8500
[00:46:05 DBG ]     CRM        target_weight=0.1100 ($9955.54)
[00:46:05 DBG ]     NOW        target_weight=0.1100 ($9955.54)
[00:46:05 DBG ]     WDAY       target_weight=0.1100 ($9955.54)
[00:46:05 DBG ]     ADBE       target_weight=0.1100 ($9955.54)
[00:46:05 DBG ]     CRWD       target_weight=0.1100 ($9955.54)
[00:46:05 DBG ]     SPY        target_weight=0.1000 ($9050.49)
[00:46:05 DBG ]     QQQ        target_weight=0.1000 ($9050.49)
[00:46:05 DBG ]     GLD        target_weight=0.1000 ($9050.49)
[00:46:05 INFO] ── Step 7: rebalance order generation ──
[00:46:05 INFO]     CRM      BUY     current=$     0.00 target=$  9955.54 delta=$ +9955.54  -- new position at target 11.0%
[00:46:05 INFO]     NOW      BUY     current=$     0.00 target=$  9955.54 delta=$ +9955.54  -- new position at target 11.0%
[00:46:05 INFO]     WDAY     BUY     current=$     0.00 target=$  9955.54 delta=$ +9955.54  -- new position at target 11.0%
[00:46:05 INFO]     ADBE     BUY     current=$     0.00 target=$  9955.54 delta=$ +9955.54  -- new position at target 11.0%
[00:46:05 INFO]     CRWD     BUY     current=$     0.00 target=$  9955.54 delta=$ +9955.54  -- new position at target 11.0%
[00:46:05 INFO]     SPY      BUY     current=$     0.00 target=$  9050.49 delta=$ +9050.49  -- new position at target 10.0%
[00:46:05 INFO]     QQQ      BUY     current=$     0.00 target=$  9050.49 delta=$ +9050.49  -- new position at target 10.0%
[00:46:05 INFO]     GLD      BUY     current=$     0.00 target=$  9050.49 delta=$ +9050.49  -- new position at target 10.0%
[00:46:05 INFO]   summary: 8 actionable + 0 hold; passed=8  failed=0
[00:46:05 INFO] ── Step 8: plan complete ──
[00:46:05 INFO]   auto_execute=True  (flip config/capital_deployment.json::capital_deployment.auto_execute_rebalance to enable)
