[21:09:10 INFO] ============================================================
[21:09:10 INFO] AccountAwareAllocator — daily plan 2026-08-16
[21:09:10 INFO] ============================================================
[21:09:10 INFO] ── Step 1: fetching account state ──
[21:09:10 INFO]   equity=$  90504.88  cash=$ 316767.08  buying_power=$ 362019.52
[21:09:10 INFO] ── Step 2: fetching open positions ──
[21:09:10 INFO]   0 positions, invested_ratio=0.0000 (target=1.00, min=0.98)
[21:09:10 INFO]   PDT mode=OK  dt_remaining=3
[21:09:10 INFO] ── Step 3: defensive mode check ──
[21:09:10 INFO]   defensive_mode OFF → proceed with deployment
[21:09:10 INFO] ── Step 4: regime detection ──
[21:09:10 INFO]   regime=NEUTRAL  source=auto  size_mult=0.70
[21:09:10 INFO]     allowed_buckets=['ai_nasdaq_semis', 'software_quality', 'inflation_energy', 'crypto']
[21:09:10 INFO] ── Step 5: scoring allowed universe ──
[21:09:13 DBG ]     WDAY     score=+0.642  bucket=software_quality
[21:09:13 DBG ]     ORCL     score=+0.366  bucket=software_quality
[21:09:13 DBG ]     INTU     score=+0.360  bucket=software_quality
[21:09:13 DBG ]     MSFT     score=+0.326  bucket=ai_nasdaq_semis
[21:09:13 DBG ]     NOW      score=+0.303  bucket=software_quality
[21:09:13 INFO] ── Step 6: target weight construction ──
[21:09:13 INFO]   reason: regime=NEUTRAL | primary_picks=3(54%) | fallback=['SPY', 'QQQ', 'GLD'] | unfilled=16.00%
[21:09:13 INFO]   target_invested_ratio_after_plan = 0.8400
[21:09:13 DBG ]     WDAY       target_weight=0.1800 ($16290.88)
[21:09:13 DBG ]     ORCL       target_weight=0.1800 ($16290.88)
[21:09:13 DBG ]     INTU       target_weight=0.1800 ($16290.88)
[21:09:13 DBG ]     SPY        target_weight=0.1000 ($9050.49)
[21:09:13 DBG ]     QQQ        target_weight=0.1000 ($9050.49)
[21:09:13 DBG ]     GLD        target_weight=0.1000 ($9050.49)
[21:09:13 INFO] ── Step 7: rebalance order generation ──
[21:09:13 INFO]     WDAY     BUY     current=$     0.00 target=$ 16290.88 delta=$+16290.88  -- new position at target 18.0%
[21:09:13 INFO]     ORCL     BUY     current=$     0.00 target=$ 16290.88 delta=$+16290.88  -- new position at target 18.0%
[21:09:13 INFO]     INTU     BUY     current=$     0.00 target=$ 16290.88 delta=$+16290.88  -- new position at target 18.0%
[21:09:13 INFO]     SPY      BUY     current=$     0.00 target=$  9050.49 delta=$ +9050.49  -- new position at target 10.0%
[21:09:13 INFO]     QQQ      BUY     current=$     0.00 target=$  9050.49 delta=$ +9050.49  -- new position at target 10.0%
[21:09:13 INFO]     GLD      BUY     current=$     0.00 target=$  9050.49 delta=$ +9050.49  -- new position at target 10.0%
[21:09:13 INFO]   summary: 6 actionable + 0 hold; passed=6  failed=0
[21:09:13 INFO] ── Step 8: plan complete ──
[21:09:13 INFO]   auto_execute=True  (flip config/capital_deployment.json::capital_deployment.auto_execute_rebalance to enable)
