[21:16:36 INFO] ============================================================
[21:16:36 INFO] AccountAwareAllocator — daily plan 2026-08-20
[21:16:36 INFO] ============================================================
[21:16:36 INFO] ── Step 1: fetching account state ──
[21:16:36 INFO]   equity=$  90504.88  cash=$ 316767.08  buying_power=$ 362019.52
[21:16:36 INFO] ── Step 2: fetching open positions ──
[21:16:36 INFO]   0 positions, invested_ratio=0.0000 (target=1.00, min=0.98)
[21:16:36 INFO]   PDT mode=OK  dt_remaining=3
[21:16:36 INFO] ── Step 3: defensive mode check ──
[21:16:36 INFO]   defensive_mode OFF → proceed with deployment
[21:16:36 INFO] ── Step 4: regime detection ──
[21:16:36 INFO]   regime=NEUTRAL  source=auto  size_mult=0.70
[21:16:36 INFO]     allowed_buckets=['ai_nasdaq_semis', 'software_quality', 'inflation_energy', 'crypto']
[21:16:36 INFO] ── Step 5: scoring allowed universe ──
[21:16:37 DBG ]     NOW      score=+0.541  bucket=software_quality
[21:16:37 DBG ]     WDAY     score=+0.425  bucket=software_quality
[21:16:37 DBG ]     CRM      score=+0.408  bucket=software_quality
[21:16:37 DBG ]     INTU     score=+0.398  bucket=software_quality
[21:16:37 DBG ]     ADBE     score=+0.346  bucket=software_quality
[21:16:37 INFO] ── Step 6: target weight construction ──
[21:16:37 INFO]   reason: regime=NEUTRAL | primary_picks=4(55%) | fallback=['SPY', 'QQQ', 'GLD'] | unfilled=15.00%
[21:16:37 INFO]   target_invested_ratio_after_plan = 0.8500
[21:16:37 DBG ]     NOW        target_weight=0.1375 ($12444.42)
[21:16:37 DBG ]     WDAY       target_weight=0.1375 ($12444.42)
[21:16:37 DBG ]     CRM        target_weight=0.1375 ($12444.42)
[21:16:37 DBG ]     INTU       target_weight=0.1375 ($12444.42)
[21:16:37 DBG ]     SPY        target_weight=0.1000 ($9050.49)
[21:16:37 DBG ]     QQQ        target_weight=0.1000 ($9050.49)
[21:16:37 DBG ]     GLD        target_weight=0.1000 ($9050.49)
[21:16:37 INFO] ── Step 7: rebalance order generation ──
[21:16:37 INFO]     NOW      BUY     current=$     0.00 target=$ 12444.42 delta=$+12444.42  -- new position at target 13.8%
[21:16:37 INFO]     WDAY     BUY     current=$     0.00 target=$ 12444.42 delta=$+12444.42  -- new position at target 13.8%
[21:16:37 INFO]     CRM      BUY     current=$     0.00 target=$ 12444.42 delta=$+12444.42  -- new position at target 13.8%
[21:16:37 INFO]     INTU     BUY     current=$     0.00 target=$ 12444.42 delta=$+12444.42  -- new position at target 13.8%
[21:16:37 INFO]     SPY      BUY     current=$     0.00 target=$  9050.49 delta=$ +9050.49  -- new position at target 10.0%
[21:16:37 INFO]     QQQ      BUY     current=$     0.00 target=$  9050.49 delta=$ +9050.49  -- new position at target 10.0%
[21:16:37 INFO]     GLD      BUY     current=$     0.00 target=$  9050.49 delta=$ +9050.49  -- new position at target 10.0%
[21:16:37 INFO]   summary: 7 actionable + 0 hold; passed=7  failed=0
[21:16:37 INFO] ── Step 8: plan complete ──
[21:16:37 INFO]   auto_execute=True  (flip config/capital_deployment.json::capital_deployment.auto_execute_rebalance to enable)
