[21:26:36 INFO] ============================================================
[21:26:36 INFO] AccountAwareAllocator — daily plan 2026-08-07
[21:26:36 INFO] ============================================================
[21:26:36 INFO] ── Step 1: fetching account state ──
[21:26:36 INFO]   equity=$  90504.88  cash=$ 316767.08  buying_power=$ 362019.52
[21:26:36 INFO] ── Step 2: fetching open positions ──
[21:26:36 INFO]   0 positions, invested_ratio=0.0000 (target=1.00, min=0.98)
[21:26:36 INFO]   PDT mode=OK  dt_remaining=3
[21:26:36 INFO] ── Step 3: defensive mode check ──
[21:26:36 INFO]   defensive_mode OFF → proceed with deployment
[21:26:36 INFO] ── Step 4: regime detection ──
[21:26:36 INFO]   regime=NEUTRAL  source=auto  size_mult=0.70
[21:26:36 INFO]     allowed_buckets=['ai_nasdaq_semis', 'software_quality', 'inflation_energy', 'crypto']
[21:26:36 INFO] ── Step 5: scoring allowed universe ──
[21:26:38 DBG ]     WDAY     score=+0.738  bucket=software_quality
[21:26:38 DBG ]     NOW      score=+0.649  bucket=software_quality
[21:26:38 DBG ]     MSFT     score=+0.581  bucket=ai_nasdaq_semis
[21:26:38 DBG ]     CRWD     score=+0.560  bucket=software_quality
[21:26:38 DBG ]     ADBE     score=+0.540  bucket=software_quality
[21:26:38 INFO] ── Step 6: target weight construction ──
[21:26:38 INFO]   reason: regime=NEUTRAL | primary_picks=5(73%) | fallback=['SPY', 'QQQ', 'GLD']
[21:26:38 INFO]   target_invested_ratio_after_plan = 1.0000
[21:26:38 DBG ]     WDAY       target_weight=0.1375 ($12444.42)
[21:26:38 DBG ]     NOW        target_weight=0.1375 ($12444.42)
[21:26:38 DBG ]     MSFT       target_weight=0.1800 ($16290.88)
[21:26:38 DBG ]     CRWD       target_weight=0.1375 ($12444.42)
[21:26:38 DBG ]     ADBE       target_weight=0.1375 ($12444.42)
[21:26:38 DBG ]     SPY        target_weight=0.1000 ($9050.49)
[21:26:38 DBG ]     QQQ        target_weight=0.1000 ($9050.49)
[21:26:38 DBG ]     GLD        target_weight=0.0700 ($6335.34)
[21:26:38 INFO] ── Step 7: rebalance order generation ──
[21:26:38 INFO]     MSFT     BUY     current=$     0.00 target=$ 16290.88 delta=$+16290.88  -- new position at target 18.0%
[21:26:38 INFO]     WDAY     BUY     current=$     0.00 target=$ 12444.42 delta=$+12444.42  -- new position at target 13.8%
[21:26:38 INFO]     NOW      BUY     current=$     0.00 target=$ 12444.42 delta=$+12444.42  -- new position at target 13.8%
[21:26:38 INFO]     CRWD     BUY     current=$     0.00 target=$ 12444.42 delta=$+12444.42  -- new position at target 13.8%
[21:26:38 INFO]     ADBE     BUY     current=$     0.00 target=$ 12444.42 delta=$+12444.42  -- new position at target 13.8%
[21:26:38 INFO]     SPY      BUY     current=$     0.00 target=$  9050.49 delta=$ +9050.49  -- new position at target 10.0%
[21:26:38 INFO]     QQQ      BUY     current=$     0.00 target=$  9050.49 delta=$ +9050.49  -- new position at target 10.0%
[21:26:38 INFO]     GLD      BUY     current=$     0.00 target=$  6335.34 delta=$ +6335.34  -- new position at target 7.0%
[21:26:38 INFO]   summary: 8 actionable + 0 hold; passed=8  failed=0
[21:26:38 INFO] ── Step 8: plan complete ──
[21:26:38 INFO]   auto_execute=True  (flip config/capital_deployment.json::capital_deployment.auto_execute_rebalance to enable)
