[23:37:34 INFO] ============================================================
[23:37:34 INFO] AccountAwareAllocator — daily plan 2026-09-24
[23:37:34 INFO] ============================================================
[23:37:34 INFO] ── Step 1: fetching account state ──
[23:37:34 INFO]   equity=$  90504.88  cash=$ 316767.08  buying_power=$ 362019.52
[23:37:34 INFO] ── Step 2: fetching open positions ──
[23:37:35 INFO]   0 positions, invested_ratio=0.0000 (target=1.00, min=0.98)
[23:37:35 INFO]   PDT mode=OK  dt_remaining=3
[23:37:35 INFO] ── Step 3: defensive mode check ──
[23:37:35 INFO]   defensive_mode OFF → proceed with deployment
[23:37:35 INFO] ── Step 4: regime detection ──
[23:37:35 INFO]   regime=NEUTRAL  source=auto  size_mult=0.70
[23:37:35 INFO]     allowed_buckets=['ai_nasdaq_semis', 'software_quality', 'inflation_energy', 'crypto']
[23:37:35 INFO] ── Step 5: scoring allowed universe ──
[23:37:40 DBG ]     AMD      score=+0.774  bucket=ai_nasdaq_semis
[23:37:40 DBG ]     META     score=+0.756  bucket=ai_nasdaq_semis
[23:37:40 DBG ]     CRWD     score=+0.547  bucket=software_quality
[23:37:40 DBG ]     USO      score=+0.450  bucket=inflation_energy
[23:37:40 DBG ]     PANW     score=+0.358  bucket=software_quality
[23:37:40 INFO] ── Step 6: target weight construction ──
[23:37:40 INFO]   reason: regime=NEUTRAL | primary_picks=5(90%) | fallback=['SPY', 'QQQ']
[23:37:40 INFO]   target_invested_ratio_after_plan = 1.0000
[23:37:40 DBG ]     AMD        target_weight=0.1800 ($16290.88)
[23:37:40 DBG ]     META       target_weight=0.1800 ($16290.88)
[23:37:40 DBG ]     CRWD       target_weight=0.1800 ($16290.88)
[23:37:40 DBG ]     USO        target_weight=0.1800 ($16290.88)
[23:37:40 DBG ]     PANW       target_weight=0.1800 ($16290.88)
[23:37:40 DBG ]     SPY        target_weight=0.1000 ($9050.49)
[23:37:40 DBG ]     QQQ        target_weight=0.0000 ($0.00)
[23:37:40 INFO] ── Step 7: rebalance order generation ──
[23:37:40 INFO]     AMD      BUY     current=$     0.00 target=$ 16290.88 delta=$+16290.88  -- new position at target 18.0%
[23:37:40 INFO]     META     BUY     current=$     0.00 target=$ 16290.88 delta=$+16290.88  -- new position at target 18.0%
[23:37:40 INFO]     CRWD     BUY     current=$     0.00 target=$ 16290.88 delta=$+16290.88  -- new position at target 18.0%
[23:37:40 INFO]     USO      BUY     current=$     0.00 target=$ 16290.88 delta=$+16290.88  -- new position at target 18.0%
[23:37:40 INFO]     PANW     BUY     current=$     0.00 target=$ 16290.88 delta=$+16290.88  -- new position at target 18.0%
[23:37:40 INFO]     SPY      BUY     current=$     0.00 target=$  9050.49 delta=$ +9050.49  -- new position at target 10.0%
[23:37:40 INFO]     QQQ      HOLD    current=$     0.00 target=$     0.00 delta=$    +0.00  -- target $0 below min_order_value $100
[23:37:40 INFO]   summary: 6 actionable + 1 hold; passed=6  failed=0
[23:37:40 INFO] ── Step 8: plan complete ──
[23:37:40 INFO]   auto_execute=True  (flip config/capital_deployment.json::capital_deployment.auto_execute_rebalance to enable)
