[21:12:15 INFO] ============================================================
[21:12:15 INFO] AccountAwareAllocator — daily plan 2026-08-18
[21:12:15 INFO] ============================================================
[21:12:15 INFO] ── Step 1: fetching account state ──
[21:12:15 INFO]   equity=$  90504.88  cash=$ 316767.08  buying_power=$ 362019.52
[21:12:15 INFO] ── Step 2: fetching open positions ──
[21:12:15 INFO]   0 positions, invested_ratio=0.0000 (target=1.00, min=0.98)
[21:12:15 INFO]   PDT mode=OK  dt_remaining=3
[21:12:15 INFO] ── Step 3: defensive mode check ──
[21:12:15 INFO]   defensive_mode OFF → proceed with deployment
[21:12:15 INFO] ── Step 4: regime detection ──
[21:12:15 INFO]   regime=NEUTRAL  source=auto  size_mult=0.70
[21:12:15 INFO]     allowed_buckets=['ai_nasdaq_semis', 'software_quality', 'inflation_energy', 'crypto']
[21:12:15 INFO] ── Step 5: scoring allowed universe ──
[21:12:18 DBG ]     INTU     score=+0.489  bucket=software_quality
[21:12:18 DBG ]     WDAY     score=+0.475  bucket=software_quality
[21:12:18 DBG ]     XLE      score=+0.353  bucket=inflation_energy
[21:12:18 DBG ]     ADBE     score=+0.350  bucket=software_quality
[21:12:18 DBG ]     XOM      score=+0.344  bucket=inflation_energy
[21:12:18 INFO] ── Step 6: target weight construction ──
[21:12:18 INFO]   reason: regime=NEUTRAL | primary_picks=4(72%) | fallback=['SPY', 'QQQ', 'GLD']
[21:12:18 INFO]   target_invested_ratio_after_plan = 1.0000
[21:12:18 DBG ]     INTU       target_weight=0.1800 ($16290.88)
[21:12:18 DBG ]     WDAY       target_weight=0.1800 ($16290.88)
[21:12:18 DBG ]     XLE        target_weight=0.1800 ($16290.88)
[21:12:18 DBG ]     ADBE       target_weight=0.1800 ($16290.88)
[21:12:18 DBG ]     SPY        target_weight=0.1000 ($9050.49)
[21:12:18 DBG ]     QQQ        target_weight=0.1000 ($9050.49)
[21:12:18 DBG ]     GLD        target_weight=0.0800 ($7240.39)
[21:12:18 INFO] ── Step 7: rebalance order generation ──
[21:12:18 INFO]     INTU     BUY     current=$     0.00 target=$ 16290.88 delta=$+16290.88  -- new position at target 18.0%
[21:12:18 INFO]     WDAY     BUY     current=$     0.00 target=$ 16290.88 delta=$+16290.88  -- new position at target 18.0%
[21:12:18 INFO]     XLE      BUY     current=$     0.00 target=$ 16290.88 delta=$+16290.88  -- new position at target 18.0%
[21:12:18 INFO]     ADBE     BUY     current=$     0.00 target=$ 16290.88 delta=$+16290.88  -- new position at target 18.0%
[21:12:18 INFO]     SPY      BUY     current=$     0.00 target=$  9050.49 delta=$ +9050.49  -- new position at target 10.0%
[21:12:18 INFO]     QQQ      BUY     current=$     0.00 target=$  9050.49 delta=$ +9050.49  -- new position at target 10.0%
[21:12:18 INFO]     GLD      BUY     current=$     0.00 target=$  7240.39 delta=$ +7240.39  -- new position at target 8.0%
[21:12:18 INFO]   summary: 7 actionable + 0 hold; passed=7  failed=0
[21:12:18 INFO] ── Step 8: plan complete ──
[21:12:18 INFO]   auto_execute=True  (flip config/capital_deployment.json::capital_deployment.auto_execute_rebalance to enable)
