[00:46:10 INFO] ============================================================
[00:46:10 INFO] AccountAwareAllocator — daily plan 2026-10-09
[00:46:10 INFO] ============================================================
[00:46:10 INFO] ── Step 1: fetching account state ──
[00:46:11 INFO]   equity=$  90504.88  cash=$ 316767.08  buying_power=$ 362019.52
[00:46:11 INFO] ── Step 2: fetching open positions ──
[00:46:11 INFO]   0 positions, invested_ratio=0.0000 (target=1.00, min=0.98)
[00:46:11 INFO]   PDT mode=OK  dt_remaining=3
[00:46:11 INFO] ── Step 3: defensive mode check ──
[00:46:11 INFO]   defensive_mode OFF → proceed with deployment
[00:46:11 INFO] ── Step 4: regime detection ──
[00:46:11 INFO]   regime=NEUTRAL  source=auto  size_mult=0.70
[00:46:11 INFO]     allowed_buckets=['ai_nasdaq_semis', 'software_quality', 'inflation_energy', 'crypto']
[00:46:11 INFO] ── Step 5: scoring allowed universe ──
[00:46:16 DBG ]     CRWD     score=+0.332  bucket=software_quality
[00:46:16 DBG ]     AMD      score=+0.321  bucket=ai_nasdaq_semis
[00:46:16 DBG ]     PANW     score=+0.267  bucket=software_quality
[00:46:16 DBG ]     AAPL     score=+0.218  bucket=ai_nasdaq_semis
[00:46:16 DBG ]     XLE      score=+0.218  bucket=inflation_energy
[00:46:16 INFO] ── Step 6: target weight construction ──
[00:46:16 INFO]   reason: regime=NEUTRAL | primary_picks=0(0%) | fallback=['SPY', 'QQQ', 'GLD'] | unfilled=70.00%
[00:46:16 INFO]   target_invested_ratio_after_plan = 0.3000
[00:46:16 DBG ]     SPY        target_weight=0.1000 ($9050.49)
[00:46:16 DBG ]     QQQ        target_weight=0.1000 ($9050.49)
[00:46:16 DBG ]     GLD        target_weight=0.1000 ($9050.49)
[00:46:16 INFO] ── Step 7: rebalance order generation ──
[00:46:16 INFO]     SPY      BUY     current=$     0.00 target=$  9050.49 delta=$ +9050.49  -- new position at target 10.0%
[00:46:16 INFO]     QQQ      BUY     current=$     0.00 target=$  9050.49 delta=$ +9050.49  -- new position at target 10.0%
[00:46:16 INFO]     GLD      BUY     current=$     0.00 target=$  9050.49 delta=$ +9050.49  -- new position at target 10.0%
[00:46:16 INFO]   summary: 3 actionable + 0 hold; passed=3  failed=0
[00:46:16 INFO] ── Step 8: plan complete ──
[00:46:16 INFO]   auto_execute=True  (flip config/capital_deployment.json::capital_deployment.auto_execute_rebalance to enable)
