[23:20:59 INFO] ============================================================
[23:20:59 INFO] AccountAwareAllocator — daily plan 2026-09-22
[23:20:59 INFO] ============================================================
[23:20:59 INFO] ── Step 1: fetching account state ──
[23:20:59 INFO]   equity=$  90504.88  cash=$ 316767.08  buying_power=$ 362019.52
[23:20:59 INFO] ── Step 2: fetching open positions ──
[23:20:59 INFO]   0 positions, invested_ratio=0.0000 (target=1.00, min=0.98)
[23:20:59 INFO]   PDT mode=OK  dt_remaining=3
[23:20:59 INFO] ── Step 3: defensive mode check ──
[23:20:59 INFO]   defensive_mode OFF → proceed with deployment
[23:20:59 INFO] ── Step 4: regime detection ──
[23:20:59 INFO]   regime=NEUTRAL  source=auto  size_mult=0.70
[23:20:59 INFO]     allowed_buckets=['ai_nasdaq_semis', 'software_quality', 'inflation_energy', 'crypto']
[23:20:59 INFO] ── Step 5: scoring allowed universe ──
[23:21:04 DBG ]     AMD      score=+0.826  bucket=ai_nasdaq_semis
[23:21:04 DBG ]     META     score=+0.595  bucket=ai_nasdaq_semis
[23:21:04 DBG ]     CRWD     score=+0.477  bucket=software_quality
[23:21:04 DBG ]     SMH      score=+0.374  bucket=ai_nasdaq_semis
[23:21:04 DBG ]     NVDA     score=+0.338  bucket=ai_nasdaq_semis
[23:21:04 INFO] ── Step 6: target weight construction ──
[23:21:04 INFO]   reason: regime=NEUTRAL | primary_picks=4(72%) | fallback=['SPY', 'QQQ', 'GLD']
[23:21:04 INFO]   target_invested_ratio_after_plan = 0.9100
[23:21:04 DBG ]     AMD        target_weight=0.1547 ($14001.10)
[23:21:04 DBG ]     META       target_weight=0.1547 ($14001.10)
[23:21:04 DBG ]     CRWD       target_weight=0.1800 ($16290.88)
[23:21:04 DBG ]     SMH        target_weight=0.1547 ($14001.10)
[23:21:04 DBG ]     SPY        target_weight=0.1000 ($9050.49)
[23:21:04 DBG ]     QQQ        target_weight=0.0859 ($7774.37)
[23:21:04 DBG ]     GLD        target_weight=0.0800 ($7240.39)
[23:21:04 INFO] ── Step 7: rebalance order generation ──
[23:21:04 INFO]     CRWD     BUY     current=$     0.00 target=$ 16290.88 delta=$+16290.88  -- new position at target 18.0%
[23:21:04 INFO]     AMD      BUY     current=$     0.00 target=$ 14001.10 delta=$+14001.10  -- new position at target 15.5%
[23:21:04 INFO]     META     BUY     current=$     0.00 target=$ 14001.10 delta=$+14001.10  -- new position at target 15.5%
[23:21:04 INFO]     SMH      BUY     current=$     0.00 target=$ 14001.10 delta=$+14001.10  -- new position at target 15.5%
[23:21:04 INFO]     SPY      BUY     current=$     0.00 target=$  9050.49 delta=$ +9050.49  -- new position at target 10.0%
[23:21:04 INFO]     QQQ      BUY     current=$     0.00 target=$  7774.37 delta=$ +7774.37  -- new position at target 8.6%
[23:21:04 INFO]     GLD      BUY     current=$     0.00 target=$  7240.39 delta=$ +7240.39  -- new position at target 8.0%
[23:21:04 INFO]   summary: 7 actionable + 0 hold; passed=7  failed=0
[23:21:04 INFO] ── Step 8: plan complete ──
[23:21:04 INFO]   auto_execute=True  (flip config/capital_deployment.json::capital_deployment.auto_execute_rebalance to enable)
