[00:57:25 INFO] ============================================================
[00:57:25 INFO] AccountAwareAllocator — daily plan 2026-07-29
[00:57:25 INFO] ============================================================
[00:57:25 INFO] ── Step 1: fetching account state ──
[00:57:25 INFO]   equity=$  90504.88  cash=$ 316767.08  buying_power=$ 362019.52
[00:57:25 INFO] ── Step 2: fetching open positions ──
[00:57:25 INFO]   0 positions, invested_ratio=0.0000 (target=1.00, min=0.98)
[00:57:25 INFO]   PDT mode=OK  dt_remaining=3
[00:57:25 INFO] ── Step 3: defensive mode check ──
[00:57:25 INFO]   defensive_mode OFF → proceed with deployment
[00:57:25 INFO] ── Step 4: regime detection ──
[00:57:25 INFO]   regime=NEUTRAL  source=auto  size_mult=0.70
[00:57:25 INFO]     allowed_buckets=['ai_nasdaq_semis', 'software_quality', 'inflation_energy', 'crypto']
[00:57:25 INFO] ── Step 5: scoring allowed universe ──
[00:57:26 DBG ]     WDAY     score=+0.744  bucket=software_quality
[00:57:26 DBG ]     ADBE     score=+0.624  bucket=software_quality
[00:57:26 DBG ]     INTU     score=+0.587  bucket=software_quality
[00:57:26 DBG ]     CRM      score=+0.543  bucket=software_quality
[00:57:26 DBG ]     AAPL     score=+0.499  bucket=ai_nasdaq_semis
[00:57:26 INFO] ── Step 6: target weight construction ──
[00:57:26 INFO]   reason: regime=NEUTRAL | primary_picks=5(73%) | fallback=['SPY', 'QQQ', 'GLD']
[00:57:26 INFO]   target_invested_ratio_after_plan = 1.0000
[00:57:26 DBG ]     WDAY       target_weight=0.1375 ($12444.42)
[00:57:26 DBG ]     ADBE       target_weight=0.1375 ($12444.42)
[00:57:26 DBG ]     INTU       target_weight=0.1375 ($12444.42)
[00:57:26 DBG ]     CRM        target_weight=0.1375 ($12444.42)
[00:57:26 DBG ]     AAPL       target_weight=0.1800 ($16290.88)
[00:57:26 DBG ]     SPY        target_weight=0.1000 ($9050.49)
[00:57:26 DBG ]     QQQ        target_weight=0.1000 ($9050.49)
[00:57:26 DBG ]     GLD        target_weight=0.0700 ($6335.34)
[00:57:26 INFO] ── Step 7: rebalance order generation ──
[00:57:26 INFO]     AAPL     BUY     current=$     0.00 target=$ 16290.88 delta=$+16290.88  -- new position at target 18.0%
[00:57:26 INFO]     WDAY     BUY     current=$     0.00 target=$ 12444.42 delta=$+12444.42  -- new position at target 13.8%
[00:57:26 INFO]     ADBE     BUY     current=$     0.00 target=$ 12444.42 delta=$+12444.42  -- new position at target 13.8%
[00:57:26 INFO]     INTU     BUY     current=$     0.00 target=$ 12444.42 delta=$+12444.42  -- new position at target 13.8%
[00:57:26 INFO]     CRM      BUY     current=$     0.00 target=$ 12444.42 delta=$+12444.42  -- new position at target 13.8%
[00:57:26 INFO]     SPY      BUY     current=$     0.00 target=$  9050.49 delta=$ +9050.49  -- new position at target 10.0%
[00:57:26 INFO]     QQQ      BUY     current=$     0.00 target=$  9050.49 delta=$ +9050.49  -- new position at target 10.0%
[00:57:26 INFO]     GLD      BUY     current=$     0.00 target=$  6335.34 delta=$ +6335.34  -- new position at target 7.0%
[00:57:26 INFO]   summary: 8 actionable + 0 hold; passed=8  failed=0
[00:57:26 INFO] ── Step 8: plan complete ──
[00:57:26 INFO]   auto_execute=True  (flip config/capital_deployment.json::capital_deployment.auto_execute_rebalance to enable)
