[23:40:44 INFO] ============================================================
[23:40:44 INFO] AccountAwareAllocator — daily plan 2026-09-25
[23:40:44 INFO] ============================================================
[23:40:44 INFO] ── Step 1: fetching account state ──
[23:40:44 INFO]   equity=$  90504.88  cash=$ 316767.08  buying_power=$ 362019.52
[23:40:44 INFO] ── Step 2: fetching open positions ──
[23:40:44 INFO]   0 positions, invested_ratio=0.0000 (target=1.00, min=0.98)
[23:40:44 INFO]   PDT mode=OK  dt_remaining=3
[23:40:44 INFO] ── Step 3: defensive mode check ──
[23:40:44 INFO]   defensive_mode OFF → proceed with deployment
[23:40:44 INFO] ── Step 4: regime detection ──
[23:40:44 INFO]   regime=NEUTRAL  source=auto  size_mult=0.70
[23:40:44 INFO]     allowed_buckets=['ai_nasdaq_semis', 'software_quality', 'inflation_energy', 'crypto']
[23:40:44 INFO] ── Step 5: scoring allowed universe ──
[23:40:45 DBG ]     AMD      score=+0.592  bucket=ai_nasdaq_semis
[23:40:45 DBG ]     META     score=+0.579  bucket=ai_nasdaq_semis
[23:40:45 DBG ]     CRWD     score=+0.370  bucket=software_quality
[23:40:45 DBG ]     MSFT     score=+0.320  bucket=ai_nasdaq_semis
[23:40:45 DBG ]     SMH      score=+0.309  bucket=ai_nasdaq_semis
[23:40:45 INFO] ── Step 6: target weight construction ──
[23:40:45 INFO]   reason: regime=NEUTRAL | primary_picks=3(54%) | fallback=['SPY', 'QQQ', 'GLD'] | unfilled=16.00%
[23:40:45 INFO]   target_invested_ratio_after_plan = 0.8400
[23:40:45 DBG ]     AMD        target_weight=0.1800 ($16290.88)
[23:40:45 DBG ]     META       target_weight=0.1800 ($16290.88)
[23:40:45 DBG ]     CRWD       target_weight=0.1800 ($16290.88)
[23:40:45 DBG ]     SPY        target_weight=0.1000 ($9050.49)
[23:40:45 DBG ]     QQQ        target_weight=0.1000 ($9050.49)
[23:40:45 DBG ]     GLD        target_weight=0.1000 ($9050.49)
[23:40:45 INFO] ── Step 7: rebalance order generation ──
[23:40:45 INFO]     AMD      BUY     current=$     0.00 target=$ 16290.88 delta=$+16290.88  -- new position at target 18.0%
[23:40:45 INFO]     META     BUY     current=$     0.00 target=$ 16290.88 delta=$+16290.88  -- new position at target 18.0%
[23:40:45 INFO]     CRWD     BUY     current=$     0.00 target=$ 16290.88 delta=$+16290.88  -- new position at target 18.0%
[23:40:45 INFO]     SPY      BUY     current=$     0.00 target=$  9050.49 delta=$ +9050.49  -- new position at target 10.0%
[23:40:45 INFO]     QQQ      BUY     current=$     0.00 target=$  9050.49 delta=$ +9050.49  -- new position at target 10.0%
[23:40:45 INFO]     GLD      BUY     current=$     0.00 target=$  9050.49 delta=$ +9050.49  -- new position at target 10.0%
[23:40:45 INFO]   summary: 6 actionable + 0 hold; passed=6  failed=0
[23:40:45 INFO] ── Step 8: plan complete ──
[23:40:45 INFO]   auto_execute=True  (flip config/capital_deployment.json::capital_deployment.auto_execute_rebalance to enable)
