[23:02:38 INFO] ============================================================
[23:02:38 INFO] AccountAwareAllocator — daily plan 2026-09-08
[23:02:38 INFO] ============================================================
[23:02:38 INFO] ── Step 1: fetching account state ──
[23:02:38 INFO]   equity=$  90504.88  cash=$ 316767.08  buying_power=$ 362019.52
[23:02:38 INFO] ── Step 2: fetching open positions ──
[23:02:38 INFO]   0 positions, invested_ratio=0.0000 (target=1.00, min=0.98)
[23:02:38 INFO]   PDT mode=OK  dt_remaining=3
[23:02:38 INFO] ── Step 3: defensive mode check ──
[23:02:38 INFO]   defensive_mode OFF → proceed with deployment
[23:02:38 INFO] ── Step 4: regime detection ──
[23:02:38 INFO]   regime=NEUTRAL  source=auto  size_mult=0.70
[23:02:38 INFO]     allowed_buckets=['ai_nasdaq_semis', 'software_quality', 'inflation_energy', 'crypto']
[23:02:38 INFO] ── Step 5: scoring allowed universe ──
[23:02:44 DBG ]     USO      score=+0.525  bucket=inflation_energy
[23:02:44 DBG ]     ORCL     score=+0.472  bucket=software_quality
[23:02:44 DBG ]     CRM      score=+0.421  bucket=software_quality
[23:02:44 DBG ]     AMD      score=+0.402  bucket=ai_nasdaq_semis
[23:02:44 DBG ]     TSLA     score=+0.342  bucket=ai_nasdaq_semis
[23:02:44 INFO] ── Step 6: target weight construction ──
[23:02:44 INFO]   reason: regime=NEUTRAL | primary_picks=4(72%) | fallback=['SPY', 'QQQ', 'GLD']
[23:02:44 INFO]   target_invested_ratio_after_plan = 1.0000
[23:02:44 DBG ]     USO        target_weight=0.1800 ($16290.88)
[23:02:44 DBG ]     ORCL       target_weight=0.1800 ($16290.88)
[23:02:44 DBG ]     CRM        target_weight=0.1800 ($16290.88)
[23:02:44 DBG ]     AMD        target_weight=0.1800 ($16290.88)
[23:02:44 DBG ]     SPY        target_weight=0.1000 ($9050.49)
[23:02:44 DBG ]     QQQ        target_weight=0.1000 ($9050.49)
[23:02:44 DBG ]     GLD        target_weight=0.0800 ($7240.39)
[23:02:44 INFO] ── Step 7: rebalance order generation ──
[23:02:44 INFO]     USO      BUY     current=$     0.00 target=$ 16290.88 delta=$+16290.88  -- new position at target 18.0%
[23:02:44 INFO]     ORCL     BUY     current=$     0.00 target=$ 16290.88 delta=$+16290.88  -- new position at target 18.0%
[23:02:44 INFO]     CRM      BUY     current=$     0.00 target=$ 16290.88 delta=$+16290.88  -- new position at target 18.0%
[23:02:44 INFO]     AMD      BUY     current=$     0.00 target=$ 16290.88 delta=$+16290.88  -- new position at target 18.0%
[23:02:44 INFO]     SPY      BUY     current=$     0.00 target=$  9050.49 delta=$ +9050.49  -- new position at target 10.0%
[23:02:44 INFO]     QQQ      BUY     current=$     0.00 target=$  9050.49 delta=$ +9050.49  -- new position at target 10.0%
[23:02:44 INFO]     GLD      BUY     current=$     0.00 target=$  7240.39 delta=$ +7240.39  -- new position at target 8.0%
[23:02:44 INFO]   summary: 7 actionable + 0 hold; passed=7  failed=0
[23:02:44 INFO] ── Step 8: plan complete ──
[23:02:44 INFO]   auto_execute=True  (flip config/capital_deployment.json::capital_deployment.auto_execute_rebalance to enable)
